// Jest Snapshot v1, https://goo.gl/fbAQLP

exports[`Test in <EmailStep /> should make to match with Snapchot 1`] = `
<div>
  <h1
    class="step__title"
  >
    Paso 2 de 5:
    <br />
     
    <span
      class="step__intro-title"
    >
       Correo Electronicó *
    </span>
  </h1>
  <h2
    class="mb-10 step__solicita"
  >
    ¿A que correo quieres que nos comuniquemos contigo?
  </h2>
  <hr />
  <h4
    class="mb-5"
  >
     Correo: 
  </h4>
  <form
    aria-label="step-two-form"
    class="step__form"
  >
    <input
      autocomplete="off"
      class="step__input"
      name="email"
      placeholder="Ingresa tu nombre"
      type="text"
      value=""
    />
    <br />
    <button
      class="btn btn-primary step__bold"
      type="submit"
    >
      Siguiente
    </button>
  </form>
</div>
`;
